// Jest Snapshot v1, https://goo.gl/fbAQLP

exports[`PaginationBase component should be render snapshot PaginationBase component 1`] = `""`;

exports[`PaginationBase component should be render snapshot PaginationBase component 2`] = `""`;
